// Jest Snapshot v1, https://goo.gl/fbAQLP

exports[`LoginForm matches snapshot 1`] = `
<div>
  <div
    class="min-h-screen flex items-center justify-center bg-gray-50 py-12 px-4 sm:px-6 lg:px-8"
  >
    <div
      class="max-w-md w-full space-y-8"
    >
      <div>
        <h2
          class="mt-6 text-center text-3xl font-extrabold text-gray-900"
        >
          Sign in to your account
        </h2>
      </div>
      <form
        class="mt-8 space-y-6"
        role="form"
      >
        <div
          class="rounded-md shadow-sm -space-y-px"
        >
          <div>
            <label
              class="sr-only"
              for="email"
            >
              Email address
            </label>
            <input
              autocomplete="email"
              class="appearance-none rounded-none relative block w-full px-3 py-2 border border-gray-300 placeholder-gray-500 text-gray-900 rounded-t-md focus:outline-none focus:ring-indigo-500 focus:border-indigo-500 focus:z-10 sm:text-sm"
              id="email"
              name="email"
              placeholder="Email address"
              required=""
              type="email"
              value=""
            />
          </div>
          <div
            class="relative"
          >
            <label
              class="sr-only"
              for="password"
            >
              Password
            </label>
            <input
              autocomplete="current-password"
              class="appearance-none rounded-none relative block w-full px-3 py-2 pr-10 border border-gray-300 placeholder-gray-500 text-gray-900 rounded-b-md focus:outline-none focus:ring-indigo-500 focus:border-indigo-500 focus:z-10 sm:text-sm"
              id="password"
              name="password"
              placeholder="Password"
              required=""
              type="password"
              value=""
            />
            <button
              aria-label="Show password"
              class="absolute inset-y-0 right-0 pr-3 flex items-center"
              type="button"
            >
              <svg
                class="h-5 w-5 text-gray-400"
                fill="none"
                stroke="currentColor"
                viewBox="0 0 24 24"
              >
                <path
                  d="M13.875 18.825A10.05 10.05 0 0112 19c-4.478 0-8.268-2.943-9.543-7a9.97 9.97 0 011.563-3.029m5.858.908a3 3 0 114.243 4.243M9.878 9.878l4.242 4.242M9.88 9.88l-3.29-3.29m7.532 7.532l3.29 3.29M3 3l3.59 3.59m0 0A9.953 9.953 0 0112 5c4.478 0 8.268 2.943 9.543 7a10.025 10.025 0 01-4.132 5.411m0 0L21 21"
                  stroke-linecap="round"
                  stroke-linejoin="round"
                  stroke-width="2"
                />
              </svg>
            </button>
          </div>
        </div>
        <div
          class="flex items-center justify-between"
        >
          <div
            class="flex items-center"
          >
            <input
              class="h-4 w-4 text-indigo-600 focus:ring-indigo-500 border-gray-300 rounded"
              id="remember-me"
              name="rememberMe"
              type="checkbox"
            />
            <label
              class="ml-2 block text-sm text-gray-900"
              for="remember-me"
            >
              Remember me
            </label>
          </div>
          <div
            class="text-sm"
          >
            <button
              class="font-medium text-indigo-600 hover:text-indigo-500"
              type="button"
            >
              Forgot your password?
            </button>
          </div>
        </div>
        <div>
          <button
            class="group relative w-full flex justify-center py-2 px-4 border border-transparent text-sm font-medium rounded-md text-white bg-indigo-600 hover:bg-indigo-700 focus:outline-none focus:ring-2 focus:ring-offset-2 focus:ring-indigo-500 disabled:opacity-50 disabled:cursor-not-allowed"
            data-testid="submit-button"
            type="submit"
          >
            Sign in
          </button>
        </div>
        <div
          class="text-center"
        >
          <p
            class="text-sm text-gray-600"
          >
            Don't have an account?
             
            <button
              class="font-medium text-indigo-600 hover:text-indigo-500"
              type="button"
            >
              Sign up
            </button>
          </p>
        </div>
      </form>
      <div
        class="mt-8 border-t border-gray-200 pt-6"
      >
        <div
          class="text-center"
        >
          <h3
            class="text-sm font-medium text-gray-900 mb-2"
          >
            Demo Credentials:
          </h3>
          <div
            class="space-y-1 text-xs text-gray-600"
          >
            <p>
              admin@hms.com / admin123
            </p>
            <p>
              doctor@hms.com / doctor123
            </p>
            <p>
              patient@hms.com / patient123
            </p>
          </div>
        </div>
      </div>
    </div>
  </div>
</div>
`;
